A  基线: 贪心最近任务                            清除率 0.9995  全清  497/500    494.94 s/源  移动  24130 m  检测 227.9
B  每步重解 NN + 2-opt                       清除率 0.9995  全清  497/500    477.74 s/源  移动  23130 m  检测 228.2
C  B + Or-opt(1..3)                      清除率 0.9995  全清  497/500    469.19 s/源  移动  22506 m  检测 229.5
D  C + Or-opt(1..5)                      清除率 0.9995  全清  497/500    467.19 s/源  移动  22370 m  检测 229.6
E  计划稳定 + cheapest-ins + 2opt/Or3        清除率 0.9995  全清  497/500    463.69 s/源  移动  22155 m  检测 229.9
E-prime  E 换 Or-opt(1..5)                清除率 0.9995  全清  497/500    463.29 s/源  移动  22141 m  检测 229.8
E-dprime E 换多起点                          清除率 0.9995  全清  497/500    459.30 s/源  移动  21936 m  检测 228.7
消融: E 去掉计划稳定性 (=C)                       清除率 0.9995  全清  497/500    469.19 s/源  移动  22506 m  检测 229.5
消融: E 去掉局部搜索                             清除率 0.9995  全清  497/500    480.05 s/源  移动  23234 m  检测 228.9
发布配置 (E + skip_far + ray_recheck)        清除率 0.9995  全清  497/500    463.69 s/源  移动  22155 m  检测 229.9
skip_far=0 (关掉补测剪枝)                      清除率 0.9995  全清  497/500    468.02 s/源  移动  21938 m  检测 246.7
skip_far_k=0 (不留 σ 余量)                   清除率 0.9995  全清  497/500    463.62 s/源  移动  22154 m  检测 229.8
skip_far=1700 (更保守)                      清除率 0.9995  全清  497/500    464.61 s/源  移动  22155 m  检测 232.0
ray_recheck=0                            清除率 0.9995  全清  497/500    464.74 s/源  移动  22206 m  检测 229.7
min_obs=3 (攒三条示向度)                       清除率 0.9995  全清  497/500    464.58 s/源  移动  22049 m  检测 237.5
creep_step=30                            清除率 0.9995  全清  497/500    463.68 s/源  移动  22147 m  检测 230.1
creep_step=44                            清除率 0.9995  全清  497/500    470.32 s/源  移动  22397 m  检测 234.4
relay=0 (关掉中继测量)                         清除率 0.9995  全清  497/500    476.32 s/源  移动  22957 m  检测 229.1
relay_cap=2                              清除率 0.9995  全清  497/500    462.03 s/源  移动  22074 m  检测 229.6
fix_sigma_ok=1e9 (无条件跳过已交会)              清除率 0.9995  全清  497/500    464.38 s/源  移动  22193 m  检测 229.8
hunt_mode=ray                            清除率 0.9995  全清  497/500    464.49 s/源  移动  22128 m  检测 231.1
hunt_probe=300                           清除率 0.9995  全清  497/500    463.25 s/源  移动  22135 m  检测 229.8
zero_ring_stride=2                       清除率 0.9826  全清  395/500    448.49 s/源  移动  22020 m  检测 188.0
zero_inner=0 (内圈不再补测零观测)                 清除率 0.8274  全清   49/500    573.04 s/源  移动  23852 m  检测 185.8
opp_try=1                                清除率 0.9995  全清  497/500    463.69 s/源  移动  22155 m  检测 229.9
墙钟 42 s | 500 局/档 | 25 档
明细 -> data/reports/q4_opt1_ladder500.json
