配方                                                       清除率         全清      s/源      移动m      检测     扫描s     收尾s
ring_spec=((0, 1), (1100.0, 6), (1650.0, 8))          0.9862   833/1000    418.5    19262   210.2       0       0
ring_spec=((0, 1), (1100.0, 7), (1650.0, 8))          0.9865   839/1000    420.5    19075   220.4       0       0
ring_spec=((0, 1), (1000.0, 6), (1650.0, 8))          0.9863   835/1000    421.3    19438   209.7       0       0
ring_spec=((0, 1), (1000.0, 7), (1650.0, 8))          0.9864   838/1000    424.0    19306   219.6       0       0
ring_spec=((0, 1), (1100.0, 8), (1650.0, 8))          0.9873   845/1000    427.7    19243   230.4       0       0
ring_spec=((0, 1), (1100.0, 6), (1650.0, 10))         0.9904   884/1000    427.8    19506   226.3       0       0
ring_spec=((0, 1), (900.0, 6), (1650.0, 8))           0.9861   832/1000    430.7    19930   211.0       0       0
ring_spec=((0, 1), (900.0, 7), (1650.0, 8))           0.9861   834/1000    431.6    19774   218.8       0       0
ring_spec=((0, 1), (1000.0, 6), (1650.0, 10))         0.9906   885/1000    431.6    19778   225.4       0       0
ring_spec=((0, 1), (1100.0, 7), (1650.0, 10))         0.9905   884/1000    432.9    19555   235.5       0       0
ring_spec=((0, 1), (1000.0, 8), (1650.0, 8))          0.9871   843/1000    433.3    19583   230.2       0       0
ring_spec=((0, 1), (900.0, 6), (1650.0, 10))          0.9906   885/1000    433.8    19934   224.2       0       0
ring_spec=((0, 1), (1000.0, 7), (1650.0, 10))         0.9906   885/1000    437.1    19811   234.6       0       0
ring_spec=((0, 1), (900.0, 8), (1650.0, 8))           0.9868   841/1000    439.0    19933   229.0       0       0
ring_spec=((0, 1), (1100.0, 8), (1650.0, 10))         0.9906   886/1000    439.2    19617   246.5       0       0
ring_spec=((0, 1), (1100.0, 6), (1750.0, 8))          0.9931   915/1000    439.4    20705   211.2       0       0
ring_spec=((0, 1), (1100.0, 7), (1750.0, 8))          0.9936   921/1000    439.9    20483   220.7       0       0
ring_spec=((0, 1), (900.0, 7), (1650.0, 10))          0.9906   885/1000    441.0    20096   233.6       0       0
ring_spec=((0, 1), (1100.0, 6), (1650.0, 12))         0.9919   902/1000    442.1    19967   243.1       0       0
ring_spec=((0, 1), (1000.0, 6), (1750.0, 8))          0.9933   917/1000    442.2    20860   211.1       0       0
ring_spec=((0, 1), (1000.0, 7), (1750.0, 8))          0.9933   917/1000    443.9    20758   218.5       0       0
ring_spec=((0, 1), (1000.0, 6), (1650.0, 12))         0.9920   903/1000    444.0    20103   241.9       0       0
ring_spec=((0, 1), (900.0, 6), (1650.0, 12))          0.9920   903/1000    444.8    20195   240.4       0       0
ring_spec=((0, 1), (1000.0, 8), (1650.0, 10))         0.9906   885/1000    444.8    19976   245.9       0       0
ring_spec=((0, 1), (900.0, 8), (1650.0, 10))          0.9906   885/1000    445.0    20157   238.8       0       0
ring_spec=((0, 1), (900.0, 6), (1750.0, 8))           0.9930   913/1000    445.5    21128   209.0       0       0
ring_spec=((0, 1), (1100.0, 8), (1750.0, 8))          0.9943   928/1000    445.5    20579   229.7       0       0
ring_spec=((0, 1), (1100.0, 7), (1650.0, 12))         0.9919   902/1000    445.9    19883   253.4       0       0
ring_spec=((0, 1), (1100.0, 6), (1750.0, 10))         0.9968   960/1000    447.2    20946   225.4       0       0
ring_spec=((0, 1), (1000.0, 7), (1650.0, 12))         0.9920   903/1000    447.6    20051   251.7       0       0
墙钟 114 s | 1000 局/配方 | 81 配方
