### ring_spec
配方                                                       清除率         全清      s/源      移动m      检测     扫描s     收尾s
ring_spec=((0, 1), (900.0, 8), (1700.0, 15))          0.9953   943/1000    461.4    20538   267.8       0       0
ring_spec=((0, 1), (970.0, 6), (1800.0, 11))          0.9993   991/1000    464.9    22035   229.7       0       0
ring_spec=((0, 1), (1000.0, 7), (1800.0, 13))         0.9998   997/1000    480.1    22302   253.2       0       0
ring_spec=((0, 1), (970.0, 8), (1850.0, 15))          1.0000  1000/1000    486.9    22458   263.0       0       0
墙钟 8 s | 1000 局/配方 | 4 配方
### skip_far
配方                                                       清除率         全清      s/源      移动m      检测     扫描s     收尾s
                                                      1.0000  1000/1000    486.3    22668   253.8       0       0
                                                      1.0000  1000/1000    486.9    22458   263.0       0       0
                                                      0.9999   999/1000    518.9    24468   259.0       0       0
                                                      0.9998   999/1000    563.5    27004   265.5       0       0
墙钟 9 s | 1000 局/配方 | 4 配方
### fix_sigma_ok
配方                                                       清除率         全清      s/源      移动m      检测     扫描s     收尾s
                                                      1.0000  1000/1000    486.9    22458   263.0       0       0
                                                      1.0000  1000/1000    487.3    22479   262.8       0       0
                                                      1.0000  1000/1000    487.4    22486   262.8       0       0
                                                      1.0000  1000/1000    487.6    22491   262.8       0       0
墙钟 10 s | 1000 局/配方 | 4 配方
