### zero_inner
配方                                                       清除率         全清      s/源      移动m      检测     扫描s     收尾s
                                                      1.0000  1000/1000    486.9    22458   263.0       0       0
                                                      0.9848   824/1000    494.3    23193   238.2       0       0
                                                      0.9740   721/1000    509.8    24125   227.5       0       0
                                                      0.9522   543/1000    522.2    24346   220.5       0       0
                                                      0.8237    76/1000    569.0    21872   233.9       0       0
墙钟 9 s | 1000 局/配方 | 5 配方
### zero_ring_stride
配方                                                       清除率         全清      s/源      移动m      检测     扫描s     收尾s
                                                      0.9970   963/1000    481.5    23364   219.8       0       0
                                                      1.0000  1000/1000    486.9    22458   263.0       0       0
                                                      0.9644   620/1000    449.1    21391   185.3       0       0
                                                      0.9790   763/1000    454.9    21952   193.5       0       0
墙钟 7 s | 1000 局/配方 | 4 配方
### max_chan_station
配方                                                       清除率         全清      s/源      移动m      检测     扫描s     收尾s
                                                      1.0000  1000/1000    486.9    22458   263.0       0       0
                                                      0.9926   910/1000    505.8    23348   261.2       0       0
                                                      0.9081   395/1000    572.8    23907   242.1       0       0
                                                      0.5854     6/1000    856.5    22080   157.6       0       0
墙钟 8 s | 1000 局/配方 | 4 配方
