### early_k
配方                                                       清除率         全清      s/源      移动m      检测     扫描s     收尾s
                                                      1.0000  1000/1000    485.7    22365   261.0       0       0
                                                      1.0000  1000/1000    486.9    22458   263.0       0       0
                                                      0.8220   191/1000    397.1    16000   143.9       0       0
                                                      0.9161   467/1000    440.5    18976   201.3       0       0
                                                      0.9756   770/1000    470.5    21212   240.4       0       0
墙钟 10 s | 1000 局/配方 | 5 配方
### relay
配方                                                       清除率         全清      s/源      移动m      检测     扫描s     收尾s
                                                      1.0000  1000/1000    486.9    22458   263.0       0       0
                                                      1.0000  1000/1000    490.6    22801   260.1       0       0
墙钟 5 s | 1000 局/配方 | 2 配方
### plan_ls
配方                                                       清除率         全清      s/源      移动m      检测     扫描s     收尾s
                                                      1.0000  1000/1000    486.2    22430   262.6       0       0
                                                      1.0000  1000/1000    486.9    22458   263.0       0       0
                                                      1.0000  1000/1000    486.9    22457   263.0       0       0
墙钟 23 s | 1000 局/配方 | 3 配方
### sta_bonus
配方                                                       清除率         全清      s/源      移动m      检测     扫描s     收尾s
                                                      1.0000  1000/1000    486.9    22458   263.0       0       0
                                                      1.0000  1000/1000    486.9    22458   263.0       0       0
                                                      1.0000  1000/1000    486.9    22458   263.0       0       0
墙钟 7 s | 1000 局/配方 | 3 配方
### more rings
配方                                                       清除率         全清      s/源      移动m      检测     扫描s     收尾s
ring_spec=((0, 1), (970.0, 7), (1800.0, 12))          0.9995   993/1000    475.6    22137   248.8       0       0
ring_spec=((0, 1), (970.0, 8), (1850.0, 12))          1.0000  1000/1000    482.2    22571   247.6       0       0
ring_spec=((0, 1), (1100.0, 8), (1800.0, 14))         0.9999   999/1000    493.1    22427   277.4       0       0
ring_spec=((0, 1), (1200.0, 9), (1850.0, 13))         0.9998   998/1000    504.2    23028   280.7       0       0
墙钟 8 s | 1000 局/配方 | 4 配方
