### sweep_gap
配方                                                       清除率         全清      s/源      移动m      检测     扫描s     收尾s
                                                      1.0000  1000/1000    486.9    22458   263.0       0       0
                                                      1.0000  1000/1000    486.9    22458   263.0       0       0
                                                      1.0000  1000/1000    486.9    22458   263.0       0       0
                                                      1.0000  1000/1000    486.9    22458   263.0       0       0
墙钟 10 s | 1000 局/配方 | 4 配方
### ray_step
配方                                                       清除率         全清      s/源      移动m      检测     扫描s     收尾s
                                                      1.0000  1000/1000    486.7    22473   262.6       0       0
                                                      1.0000  1000/1000    486.9    22458   263.0       0       0
                                                      1.0000  1000/1000    506.1    23289   270.4       0       0
墙钟 7 s | 1000 局/配方 | 3 配方
### creep_step
配方                                                       清除率         全清      s/源      移动m      检测     扫描s     收尾s
                                                      1.0000  1000/1000    486.9    22458   263.0       0       0
                                                      1.0000  1000/1000    501.8    23012   272.5       0       0
                                                      1.0000  1000/1000    514.2    23607   277.3       0       0
墙钟 7 s | 1000 局/配方 | 3 配方
### opp_try / ray_from_o / hunt_probe
配方                                                       清除率         全清      s/源      移动m      检测     扫描s     收尾s
                                                      1.0000  1000/1000    486.9    22458   263.0       0       0
                                                      1.0000  1000/1000    486.9    22458   263.0       0       0
                                                      1.0000  1000/1000    486.9    22458   263.0       0       0
墙钟 7 s | 1000 局/配方 | 3 配方
配方                                                       清除率         全清      s/源      移动m      检测     扫描s     收尾s
                                                      1.0000  1000/1000    486.9    22458   263.0       0       0
                                                      1.0000  1000/1000    487.2    22468   263.0       0       0
墙钟 5 s | 1000 局/配方 | 2 配方
配方                                                       清除率         全清      s/源      移动m      检测     扫描s     收尾s
                                                      1.0000  1000/1000    486.7    22448   262.9       0       0
                                                      1.0000  1000/1000    486.7    22450   262.9       0       0
                                                      1.0000  1000/1000    486.9    22458   263.0       0       0
墙钟 7 s | 1000 局/配方 | 3 配方
